// Jest Snapshot v1, https://goo.gl/fbAQLP

exports[`Workspace Menu has groups with screens 1`] = `
<nav
  className="grommetux-box grommetux-box--direction-column grommetux-box--justify-between grommetux-box--align-start grommetux-box--responsive grommetux-box--pad-none grommetux-menu grommetux-menu--column grommetux-menu--primary grommetux-menu--inline"
  id={undefined}
  onClick={undefined}
  role={undefined}
  style={Object {}}
  tabIndex={undefined}
>
  <div
    className="grommetux-box grommetux-box--direction-column grommetux-box--responsive grommetux-box--pad-none grommetux-box--flex-off"
    id={undefined}
    onClick={undefined}
    role={undefined}
    style={Object {}}
    tabIndex={undefined}
  >
    <header
      className="grommetux-box grommetux-box--direction-row grommetux-box--align-end grommetux-box--pad-horizontal-medium grommetux-header"
      id={undefined}
      onClick={undefined}
      role={undefined}
      style={Object {}}
      tabIndex={undefined}
    >
      <h4
        className="grommetux-heading grommetux-heading--strong"
      >
        Settings
        <span
          aria-hidden={true}
          className="fa fa-wrench icon"
        />
      </h4>
    </header>
  </div>
  <a
    aria-label={undefined}
    className="grommetux-anchor"
    href={undefined}
    onClick={[Function]}
  >
    <span
      aria-hidden={true}
      className="fa fa-heartbeat icon"
    />
    Preferences
  </a>
  <a
    aria-label={undefined}
    className="grommetux-anchor"
    href={undefined}
    onClick={[Function]}
  >
    <span
      aria-hidden={true}
      className="fa fa-group icon"
    />
    User Management
  </a>
  <a
    aria-label={undefined}
    className="grommetux-anchor"
    href={undefined}
    onClick={[Function]}
  >
    <span
      aria-hidden={true}
      className="fa fa-cogs icon"
    />
    System Settings
  </a>
  <a
    aria-label={undefined}
    className="grommetux-anchor"
    href={undefined}
    onClick={[Function]}
  >
    <span
      aria-hidden={true}
      className="fa fa-red icon"
    />
    title
  </a>
</nav>
`;

exports[`Workspace Menu has renders menu options 1`] = `
<a
  aria-label={undefined}
  className="grommetux-anchor"
  href={undefined}
  onClick={[Function]}
>
  <span
    aria-hidden={true}
    className="fa fa-red icon"
  />
  title
</a>
`;
