// Jest Snapshot v1, https://goo.gl/fbAQLP

exports[`Asset Component renders and matches snapshot 1`] = `
<div
  className="asset form-field"
>
  <div
    className="grommetux-form-field grommetux-form-field--size-medium"
    onClick={[Function]}
  >
    <label
      className="grommetux-form-field__label"
      htmlFor={undefined}
    >
      Asset
    </label>
    <span
      className="grommetux-form-field__contents"
    >
      <div
        className="drop-zone"
        onClick={[Function]}
        onDragEnter={[Function]}
        onDragLeave={[Function]}
        onDragOver={[Function]}
        onDragStart={[Function]}
        onDrop={[Function]}
        style={Object {}}
      >
        <div>
          Drop a file here, or click to select one to upload.
        </div>
        <input
          accept={undefined}
          multiple={false}
          onChange={[Function]}
          style={
            Object {
              "display": "none",
            }
          }
          type="file"
        />
      </div>
    </span>
  </div>
</div>
`;
