// Jest Snapshot v1, https://goo.gl/fbAQLP

exports[`Master Detail Component renders and matches snapshot 1`] = `
.c0 {
  font-family: 'Work Sans',Arial,sans-serif;
  font-size: 1em;
  line-height: 1.5;
  color: #333333;
  box-sizing: border-box;
  -webkit-text-size-adjust: 100%;
  -ms-text-size-adjust: 100%;
  -moz-osx-font-smoothing: grayscale;
  -webkit-font-smoothing: antialiased;
}

<div
  className="c0"
>
  <div
    className="master-detail-wrapper has-detail"
  >
    <div
      className="master"
    >
      <h1>
        Hi, i am master
      </h1>
    </div>
    <div
      className="detail"
    >
      <h1>
        Hi, i am detail
      </h1>
    </div>
  </div>
</div>
`;
