// Jest Snapshot v1, https://goo.gl/fbAQLP

exports[`Query Builder Component renders and matches snapshot 1`] = `
.c3 {
  color: #865CD6;
  text-decoration: none;
  cursor: pointer;
  outline: none;
}

.c3:hover {
  text-decoration: underline;
}

.c1 {
  display: -webkit-box;
  display: -webkit-flex;
  display: -ms-flexbox;
  display: flex;
  max-width: 100%;
  -webkit-align-items: center;
  -webkit-box-align: center;
  -ms-flex-align: center;
  align-items: center;
  min-height: 0;
  -webkit-flex-direction: row;
  -ms-flex-direction: row;
  flex-direction: row;
}

.c5 {
  padding: 11px;
  border: 1px solid rgba(0,0,0,0.15);
  border-radius: 4px;
  outline: none;
  background-color: transparent;
  color: inherit;
  font: inherit;
  margin: 0;
}

.c5::-webkit-input-placeholder {
  color: #AAAAAA;
}

.c5::-moz-placeholder {
  color: #AAAAAA;
}

.c5:-ms-input-placeholder {
  color: #AAAAAA;
}

.c5::-moz-focus-inner {
  border: none;
  outline: none;
}

.c5:focus {
  border-color: #00CCEB;
  box-shadow: 0 0 2px 2px #00CCEB;
}

.c5:focus > circle,
.c5:focus > ellipse,
.c5:focus > line,
.c5:focus > path,
.c5:focus > polygon,
.c5:focus > polyline,
.c5:focus > rect {
  outline: #00CCEB solid 2px;
}

.c0 {
  font-family: 'Work Sans',Arial,sans-serif;
  font-size: 1em;
  line-height: 1.5;
  color: #333333;
  background-color: #FFFFFF;
  box-sizing: border-box;
  -webkit-text-size-adjust: 100%;
  -ms-text-size-adjust: 100%;
  -moz-osx-font-smoothing: grayscale;
  -webkit-font-smoothing: antialiased;
}

.c0 * {
  box-sizing: inherit;
}

.c2 {
  cursor: pointer;
  outline: none;
  font: inherit;
  text-decoration: none;
  font: inherit;
  margin: 0;
  background-color: transparent;
  overflow: visible;
  text-transform: none;
  color: inherit;
  border: none;
  padding: 0;
  width: 100%;
  max-width: none;
  -webkit-box-flex: 1;
  -webkit-flex-grow: 1;
  -ms-flex-positive: 1;
  flex-grow: 1;
}

.c6 {
  cursor: pointer;
  outline: none;
  font: inherit;
  text-decoration: none;
  font: inherit;
  margin: 0;
  background-color: transparent;
  overflow: visible;
  text-transform: none;
  color: inherit;
  border: none;
  padding: 0;
  padding: 12px;
}

.c4 {
  display: inline-block;
  -webkit-flex: 0 0 auto;
  -ms-flex: 0 0 auto;
  flex: 0 0 auto;
  fill: #666666;
  stroke: #666666;
}

.c4 g {
  fill: inherit;
  stroke: inherit;
}

.c4 *:not([stroke])[fill="none"] {
  stroke-width: 0;
}

.c4 *[stroke*="#"],
.c4 *[STROKE*="#"] {
  stroke: inherit;
  fill: none;
}

.c4 *[fill-rule],
.c4 *[FILL-RULE],
.c4 *[fill*="#"],
.c4 *[FILL*="#"] {
  fill: inherit;
  stroke: none;
}

.c7 {
  display: inline-block;
}

.c7:first-child:not(:last-child) {
  margin-right: 12px;
}

.c7 > * {
  vertical-align: bottom;
}

@media only screen and (min-width:700px) {
  .c2 {
    -webkit-transition: 0.1s ease-in-out;
    transition: 0.1s ease-in-out;
  }
}

@media only screen and (min-width:700px) {
  .c6 {
    -webkit-transition: 0.1s ease-in-out;
    transition: 0.1s ease-in-out;
  }
}

<div
  className="c0"
>
  <div
    className="query-builder"
  >
    <div
      aria-label={undefined}
      className="clause c1"
      direction="row"
    >
      <button
        aria-label="Open Drop"
        className="c2"
        disabled={false}
        fill={true}
        href={undefined}
        icon={undefined}
        id={undefined}
        label={undefined}
        onBlur={[Function]}
        onClick={[Function]}
        onFocus={[Function]}
        onMouseDown={[Function]}
        onMouseUp={[Function]}
        open={false}
        size="large"
        tabIndex="0"
        type="button"
      >
        <a
          aria-label={undefined}
          className="c3"
          disabled={undefined}
          href={undefined}
          icon={undefined}
          label={undefined}
          onBlur={[Function]}
          onClick={[Function]}
          onFocus={[Function]}
          onMouseDown={[Function]}
          onMouseUp={[Function]}
        >
          <svg
            aria-label="Down"
            className="c4"
            height="24px"
            role="img"
            version="1.1"
            viewBox="0 0 24 24"
            width="24px"
          >
            <polyline
              fill="none"
              points="7.086 3.174 17.086 13.174 7.086 23.174"
              stroke="#000"
              strokeWidth="2"
              transform="scale(1 -1) rotate(-89 -1.32 0)"
            />
          </svg>
           
          IsAdmin?
           
          Starts With
        </a>
      </button>
      <div
        className=""
      >
        <input
          autoComplete="off"
          autoFocus={true}
          className="c5"
          defaultValue={undefined}
          id={undefined}
          onFocus={[Function]}
          onInput={[Function]}
          onKeyDown={[Function]}
          style={
            Object {
              "flex": 1,
            }
          }
          value=""
        />
      </div>
      <button
        aria-label={undefined}
        className="c6"
        disabled={false}
        href={undefined}
        icon={<Refresh />}
        label={undefined}
        onBlur={[Function]}
        onClick={[Function]}
        onFocus={[Function]}
        onMouseDown={[Function]}
        onMouseUp={[Function]}
        tabIndex="0"
        type="button"
      >
        <span
          aria-hidden={true}
          className="c7"
        >
          <svg
            aria-label="Refresh"
            className="c4"
            height="24px"
            role="img"
            version="1.1"
            viewBox="0 0 24 24"
            width="24px"
          >
            <path
              d="M20,8 C18.5974037,5.04031171 15.536972,3 12,3 C7.02943725,3 3,7.02943725 3,12 C3,16.9705627 7.02943725,21 12,21 L12,21 C16.9705627,21 21,16.9705627 21,12 M21,3 L21,9 L15,9"
              fill="none"
              stroke="#000"
              strokeWidth="2"
            />
          </svg>
        </span>
      </button>
    </div>
  </div>
</div>
`;
