// Jest Snapshot v1, https://goo.gl/fbAQLP

exports[`Query Builder Component renders and matches snapshot 1`] = `
<div
  className="query-builder"
>
  <div
    className="grommetux-box grommetux-box--direction-row grommetux-box--align-center grommetux-box--pad-between-small grommetux-box--pad-between-thirds clause"
    id={undefined}
    onClick={undefined}
    role={undefined}
    style={Object {}}
    tabIndex={undefined}
  >
    <div
      className="grommetux-box grommetux-box--direction-column grommetux-box--responsive grommetux-box--pad-none grommetux-menu grommetux-menu--column grommetux-menu--large grommetux-menu--controlled grommetux-menu__control"
      id={undefined}
      onClick={undefined}
      role={undefined}
      style={Object {}}
      tabIndex={undefined}
    >
      <button
        aria-label="Open  Menu"
        className="grommetux-button grommetux-button--plain"
        disabled={false}
        href={undefined}
        onBlur={[Function]}
        onClick={[Function]}
        onFocus={[Function]}
        onMouseDown={[Function]}
        onMouseUp={[Function]}
        type="button"
      >
        <span
          className="grommetux-button__icon"
        >
          <span>
            <svg
              aria-label="down"
              className="grommetux-control-icon grommetux-control-icon-down grommetux-control-icon--responsive"
              height="24px"
              role="img"
              version="1.1"
              viewBox="0 0 24 24"
              width="24px"
            >
              <polyline
                fill="none"
                points="7.086 3.174 17.086 13.174 7.086 23.174"
                stroke="#000"
                strokeWidth="2"
                transform="scale(1 -1) rotate(-89 -1.32 0)"
              />
            </svg>
             
            IsAdmin?
             
            Starts With
          </span>
        </span>
      </button>
    </div>
    <input
      autoComplete="off"
      autoFocus={true}
      className="grommetux-text-input grommetux-input"
      defaultValue={undefined}
      onChange={[Function]}
      onFocus={[Function]}
      onKeyDown={[Function]}
      placeholder={undefined}
      style={
        Object {
          "flex": 1,
        }
      }
      type="text"
      value=""
    />
    <button
      aria-label={undefined}
      className="grommetux-button grommetux-button--plain"
      disabled={false}
      href={undefined}
      onBlur={[Function]}
      onClick={[Function]}
      onFocus={[Function]}
      onMouseDown={[Function]}
      onMouseUp={[Function]}
      type="button"
    >
      <span
        className="grommetux-button__icon"
      >
        <svg
          aria-label="refresh"
          className="grommetux-control-icon grommetux-control-icon-refresh grommetux-control-icon--responsive"
          height="24px"
          role="img"
          version="1.1"
          viewBox="0 0 24 24"
          width="24px"
        >
          <path
            d="M20,8 C18.5974037,5.04031171 15.536972,3 12,3 C7.02943725,3 3,7.02943725 3,12 C3,16.9705627 7.02943725,21 12,21 L12,21 C16.9705627,21 21,16.9705627 21,12 M21,3 L21,9 L15,9"
            fill="none"
            stroke="#000"
            strokeWidth="2"
          />
        </svg>
      </span>
    </button>
  </div>
</div>
`;
