// Jest Snapshot v1, https://goo.gl/fbAQLP

exports[`RecordFinder Component renders 1`] = `
.c2 {
  display: -webkit-box;
  display: -webkit-flex;
  display: -ms-flexbox;
  display: flex;
  max-width: 100%;
  min-height: 0;
  -webkit-flex-direction: row;
  -ms-flex-direction: row;
  flex-direction: row;
  -webkit-box-pack: justify;
  -webkit-justify-content: space-between;
  -ms-flex-pack: justify;
  justify-content: space-between;
  padding-left: 12px;
  padding-right: 12px;
  padding-top: 6px;
  -webkit-flex-wrap: wrap;
  -ms-flex-wrap: wrap;
  flex-wrap: wrap;
}

.c7 {
  padding: 11px;
  border: 1px solid rgba(0,0,0,0.15);
  border-radius: 4px;
  outline: none;
  background-color: transparent;
  color: inherit;
  font: inherit;
  margin: 0;
  border: none;
  width: 100%;
  -webkit-appearance: none;
}

.c7::-webkit-input-placeholder {
  color: #AAAAAA;
}

.c7::-moz-placeholder {
  color: #AAAAAA;
}

.c7:-ms-input-placeholder {
  color: #AAAAAA;
}

.c7::-moz-focus-inner {
  border: none;
  outline: none;
}

.c6 {
  width: 100%;
}

.c3 {
  font-size: 16px;
  line-height: 1.375;
}

.c4 {
  font-size: 16px;
  line-height: 1.375;
  white-space: nowrap;
  overflow: hidden;
  text-overflow: ellipsis;
  color: #777777;
}

.c1 {
  height: 100%;
  min-width: 0;
  -webkit-align-content: space-around;
  -ms-flex-line-pack: space-around;
  align-content: space-around;
  grid-column-end: span 1;
  grid-row-end: span 1;
  padding: 3px;
  display: -webkit-box;
  display: -webkit-flex;
  display: -ms-flexbox;
  display: flex;
  -webkit-flex-direction: column;
  -ms-flex-direction: column;
  flex-direction: column;
  -webkit-box-pack: justify;
  -webkit-justify-content: space-between;
  -ms-flex-pack: justify;
  justify-content: space-between;
  border-bottom: solid 2px #EEEEEE;
}

.c1:focus-within {
  border-bottom-color: #CCCCCC;
}

.c1:focus-within span {
  font-weight: 500;
}

.c1 input[type="checkbox"] {
  margin-left: 12px;
}

.c5 {
  display: -webkit-box;
  display: -webkit-flex;
  display: -ms-flexbox;
  display: flex;
  -webkit-align-items: flex-end;
  -webkit-box-align: flex-end;
  -ms-flex-align: flex-end;
  align-items: flex-end;
  padding-right: 3px;
}

.c5 input {
  padding-right: 0;
}

.c0 {
  font-family: 'Work Sans',Arial,sans-serif;
  font-size: 1em;
  line-height: 1.5;
  color: #333333;
  background-color: #FFFFFF;
  box-sizing: border-box;
  -webkit-text-size-adjust: 100%;
  -ms-text-size-adjust: 100%;
  -moz-osx-font-smoothing: grayscale;
  -webkit-font-smoothing: antialiased;
}

.c0 * {
  box-sizing: inherit;
}

.c8 {
  cursor: pointer;
  outline: none;
  font: inherit;
  text-decoration: none;
  font: inherit;
  margin: 0;
  background-color: transparent;
  overflow: visible;
  text-transform: none;
  color: inherit;
  border: none;
  padding: 0;
  padding: 12px;
}

.c9 {
  display: inline-block;
}

.c9:first-child:not(:last-child) {
  margin-right: 12px;
}

.c9 > * {
  vertical-align: bottom;
}

.c10 {
  display: inline-block;
  -webkit-flex: 0 0 auto;
  -ms-flex: 0 0 auto;
  flex: 0 0 auto;
  fill: #666666;
  stroke: #666666;
}

.c10 g {
  fill: inherit;
  stroke: inherit;
}

.c10 *:not([stroke])[fill="none"] {
  stroke-width: 0;
}

.c10 *[stroke*="#"],
.c10 *[STROKE*="#"] {
  stroke: inherit;
  fill: none;
}

.c10 *[fill-rule],
.c10 *[FILL-RULE],
.c10 *[fill*="#"],
.c10 *[FILL*="#"] {
  fill: inherit;
  stroke: none;
}

@media only screen and (min-width:700px) {
  .c8 {
    -webkit-transition: 0.1s ease-in-out;
    transition: 0.1s ease-in-out;
  }
}

<div
  className="c0"
>
  <label
    className="record-finder c1"
    height={undefined}
    type="text"
    width={undefined}
  >
    <div
      aria-label={undefined}
      className="c2"
      direction="row"
      wrap={true}
    >
      <span
        className="c3"
      >
        Name
      </span>
      <span
        className="c4"
        color="dark-5"
      />
    </div>
    <div
      className="c5"
    >
      <div
        className="c6"
      >
        <input
          autoComplete="off"
          autoFocus={undefined}
          className="c7"
          defaultValue={undefined}
          id={undefined}
          name="name"
          onBlur={[Function]}
          onChange={[Function]}
          onFocus={[Function]}
          onInput={[Function]}
          onKeyDown={[Function]}
          onKeyPress={[Function]}
          readOnly={false}
          tabIndex={0}
          type="text"
          value=""
        />
      </div>
      <button
        aria-label={undefined}
        className="c8"
        disabled={false}
        href={undefined}
        icon={<Search />}
        label={undefined}
        onBlur={[Function]}
        onClick={[Function]}
        onFocus={[Function]}
        onMouseDown={[Function]}
        onMouseUp={[Function]}
        tabIndex="0"
        type="button"
      >
        <span
          aria-hidden={true}
          className="c9"
        >
          <svg
            aria-label="Search"
            className="c10"
            height="24px"
            role="img"
            version="1.1"
            viewBox="0 0 24 24"
            width="24px"
          >
            <path
              d="M15,15 L22,22 L15,15 Z M9.5,17 C13.6421356,17 17,13.6421356 17,9.5 C17,5.35786438 13.6421356,2 9.5,2 C5.35786438,2 2,5.35786438 2,9.5 C2,13.6421356 5.35786438,17 9.5,17 Z"
              fill="none"
              stroke="#000"
              strokeWidth="2"
            />
          </svg>
        </span>
      </button>
    </div>
  </label>
</div>
`;
